// Jest Snapshot v1, https://goo.gl/fbAQLP

exports[`should render completed Todo component 1`] = `
<div
  data-testid="todo-2"
>
  <h1>
    wash car
  </h1>
</div>
`;
